BL51 BANKED LINKER/LOCATER V6.22                                                        03/07/2016  11:02:41  PAGE 1


BL51 BANKED LINKER/LOCATER V6.22, INVOKED BY:
D:\PROGRAM FILES (X86)\KEIL\C51\BIN\BL51.EXE STARTUP.obj, ds18b20.obj, main.obj TO test_14 RAMSIZE (256)


MEMORY MODEL: SMALL


INPUT MODULES INCLUDED:
  STARTUP.obj (?C_STARTUP)
  ds18b20.obj (DS18B20)
  main.obj (MAIN)
  D:\PROGRAM FILES (X86)\KEIL\C51\LIB\C51S.LIB (?C_INIT)
  D:\PROGRAM FILES (X86)\KEIL\C51\LIB\C51S.LIB (?C?ULDIV)
  D:\PROGRAM FILES (X86)\KEIL\C51\LIB\C51S.LIB (?C?ULCMP)


LINK MAP OF MODULE:  test_14 (?C_STARTUP)


            TYPE    BASE      LENGTH    RELOCATION   SEGMENT NAME
            -----------------------------------------------------

            * * * * * * *   D A T A   M E M O R Y   * * * * * * *
            REG     0000H     0008H     ABSOLUTE     "REG BANK 0"
                    0008H     0018H                  *** GAP ***
            BIT     0020H.0   0000H.7   UNIT         ?BI?MAIN
            BIT     0020H.7   0000H.1   UNIT         _BIT_GROUP_
            DATA    0021H     0019H     UNIT         ?DT?MAIN
            IDATA   003AH     0001H     UNIT         ?STACK

            * * * * * * *   C O D E   M E M O R Y   * * * * * * *
            CODE    0000H     0003H     ABSOLUTE     
            CODE    0003H     0003H     UNIT         ?PR?UART0?MAIN
                    0006H     0005H                  *** GAP ***
            CODE    000BH     0003H     ABSOLUTE     
            CODE    000EH     0015H     UNIT         ?PR?TIMER0INIT?MAIN
            CODE    0023H     0003H     ABSOLUTE     
            CODE    0026H     011FH     UNIT         ?PR?TIMER0?MAIN
            CODE    0145H     00F3H     UNIT         ?PR?KEY_ACK?MAIN
            CODE    0238H     00DFH     UNIT         ?C?LIB_CODE
            CODE    0317H     008CH     UNIT         ?C_C51STARTUP
            CODE    03A3H     006DH     UNIT         ?PR?KEY_SCAN?MAIN
            CODE    0410H     0068H     UNIT         ?PR?WINDOWS_DEF?MAIN
            CODE    0478H     0052H     UNIT         ?PR?WINDOWS_EDIT?MAIN
            CODE    04CAH     0050H     UNIT         ?PR?_LED_DISP?MAIN
            CODE    051AH     0045H     UNIT         ?PR?SMG_DISP?MAIN
            CODE    055FH     0037H     UNIT         ?C_INITSEG
            CODE    0596H     0035H     UNIT         ?PR?READ_TEMP?DS18B20
            CODE    05CBH     0027H     UNIT         ?PR?INIT_DS18B20?DS18B20
            CODE    05F2H     0026H     UNIT         ?PR?PUT_SET_KEY?MAIN
            CODE    0618H     001EH     UNIT         ?PR?_WRITE_DS18B20?DS18B20
            CODE    0636H     001DH     UNIT         ?PR?MAIN?MAIN
            CODE    0653H     001AH     UNIT         ?PR?_DELAY_ONEWIRE?DS18B20
            CODE    066DH     001AH     UNIT         ?PR?READ_DS18B20?DS18B20
            CODE    0687H     0019H     UNIT         ?PR?PUT_RESET_KEY?MAIN
            CODE    06A0H     0018H     UNIT         ?PR?SYSTEM_INIT?MAIN
            CODE    06B8H     0017H     UNIT         ?PR?UARTINIT?MAIN
            CODE    06CFH     0011H     UNIT         ?PR?RELAY?MAIN
BL51 BANKED LINKER/LOCATER V6.22                                                      03/07/2016  11:02:41  PAGE 2


            CODE    06E0H     000FH     UNIT         ?PR?WINDOWS_DISP?MAIN
            CODE    06EFH     000CH     UNIT         ?CO?MAIN



OVERLAY MAP OF MODULE:   test_14 (?C_STARTUP)


SEGMENT                               BIT_GROUP 
  +--> CALLED SEGMENT              START    LENGTH
--------------------------------------------------
?C_C51STARTUP                      -----    -----
  +--> ?PR?MAIN?MAIN
  +--> ?C_INITSEG

?PR?MAIN?MAIN                      -----    -----
  +--> ?PR?SYSTEM_INIT?MAIN
  +--> ?PR?WINDOWS_DISP?MAIN
  +--> ?PR?KEY_SCAN?MAIN
  +--> ?PR?KEY_ACK?MAIN
  +--> ?PR?READ_TEMP?DS18B20

?PR?SYSTEM_INIT?MAIN               -----    -----
  +--> ?PR?UARTINIT?MAIN
  +--> ?PR?TIMER0INIT?MAIN
  +--> ?PR?READ_TEMP?DS18B20

?PR?READ_TEMP?DS18B20              -----    -----
  +--> ?PR?INIT_DS18B20?DS18B20
  +--> ?PR?_WRITE_DS18B20?DS18B20
  +--> ?PR?_DELAY_ONEWIRE?DS18B20
  +--> ?PR?READ_DS18B20?DS18B20

?PR?INIT_DS18B20?DS18B20           0020H.7  0000H.1
  +--> ?PR?_DELAY_ONEWIRE?DS18B20

?PR?_WRITE_DS18B20?DS18B20         -----    -----
  +--> ?PR?_DELAY_ONEWIRE?DS18B20

?PR?READ_DS18B20?DS18B20           -----    -----
  +--> ?PR?_DELAY_ONEWIRE?DS18B20

?PR?WINDOWS_DISP?MAIN              -----    -----
  +--> ?PR?WINDOWS_DEF?MAIN
  +--> ?PR?WINDOWS_EDIT?MAIN

?PR?WINDOWS_DEF?MAIN               -----    -----
  +--> ?PR?RELAY?MAIN
  +--> ?PR?_LED_DISP?MAIN

?PR?RELAY?MAIN                     0020H.7  0000H.1

?PR?_LED_DISP?MAIN                 0020H.7  0000H.1

?PR?WINDOWS_EDIT?MAIN              -----    -----
  +--> ?PR?_LED_DISP?MAIN

BL51 BANKED LINKER/LOCATER V6.22                                                      03/07/2016  11:02:41  PAGE 3


?PR?KEY_ACK?MAIN                   -----    -----
  +--> ?PR?PUT_SET_KEY?MAIN
  +--> ?PR?PUT_RESET_KEY?MAIN

*** NEW ROOT ***************************************************

?PR?TIMER0?MAIN                    -----    -----
  +--> ?PR?SMG_DISP?MAIN

?PR?SMG_DISP?MAIN                  -----    -----
  +--> ?CO?MAIN



SYMBOL TABLE OF MODULE:  test_14 (?C_STARTUP)

  VALUE           TYPE          NAME
  ----------------------------------

  -------         MODULE        ?C_STARTUP
  C:0317H         SEGMENT       ?C_C51STARTUP
  I:003AH         SEGMENT       ?STACK
  C:0000H         PUBLIC        ?C_STARTUP
  D:00E0H         SYMBOL        ACC
  D:00F0H         SYMBOL        B
  D:0083H         SYMBOL        DPH
  D:0082H         SYMBOL        DPL
  N:0000H         SYMBOL        IBPSTACK
  N:0100H         SYMBOL        IBPSTACKTOP
  N:0080H         SYMBOL        IDATALEN
  C:031AH         SYMBOL        IDATALOOP
  N:0000H         SYMBOL        PBPSTACK
  N:0100H         SYMBOL        PBPSTACKTOP
  N:0000H         SYMBOL        PDATALEN
  N:0000H         SYMBOL        PDATASTART
  N:0000H         SYMBOL        PPAGE
  N:0000H         SYMBOL        PPAGEENABLE
  D:00A0H         SYMBOL        PPAGE_SFR
  D:0081H         SYMBOL        SP
  C:0317H         SYMBOL        STARTUP1
  N:0000H         SYMBOL        XBPSTACK
  N:0000H         SYMBOL        XBPSTACKTOP
  N:0000H         SYMBOL        XDATALEN
  N:0000H         SYMBOL        XDATASTART
  C:0000H         LINE#         126
  C:0317H         LINE#         133
  C:0319H         LINE#         134
  C:031AH         LINE#         135
  C:031BH         LINE#         136
  C:031DH         LINE#         185
  C:0320H         LINE#         196
  -------         ENDMOD        ?C_STARTUP

  -------         MODULE        DS18B20
  C:0000H         SYMBOL        _ICE_DUMMY_
  D:0080H         PUBLIC        P0
  D:0090H         PUBLIC        P1
BL51 BANKED LINKER/LOCATER V6.22                                                      03/07/2016  11:02:41  PAGE 4


  D:00A0H         PUBLIC        P2
  D:00B0H         PUBLIC        P3
  D:00C0H         PUBLIC        P4
  C:066DH         PUBLIC        Read_DS18B20
  D:00C8H         PUBLIC        P5
  D:00E8H         PUBLIC        P6
  D:00F8H         PUBLIC        P7
  D:00A8H         PUBLIC        IE
  C:0657H         PUBLIC        _Delay_OneWire
  C:0618H         PUBLIC        _Write_DS18B20
  B:0090H.4       PUBLIC        DQ
  C:0596H         PUBLIC        Read_temp
  D:00B8H         PUBLIC        IP
  C:05CBH         PUBLIC        Init_DS18B20
  D:00D8H         PUBLIC        CCON
  D:0098H         PUBLIC        SCON
  D:0088H         PUBLIC        TCON
  D:00D0H         PUBLIC        PSW
  C:0653H         SYMBOL        L?0020
  -------         PROC          L?0019
  -------         ENDPROC       L?0019
  C:0653H         SYMBOL        L?0020
  -------         PROC          _DELAY_ONEWIRE
  D:0006H         SYMBOL        t
  -------         DO            
  D:0005H         SYMBOL        i
  -------         ENDDO         
  C:0657H         LINE#         7
  C:0657H         LINE#         8
  C:0657H         LINE#         10
  C:0661H         LINE#         11
  C:066CH         LINE#         12
  C:066CH         LINE#         13
  -------         ENDPROC       _DELAY_ONEWIRE
  -------         PROC          INIT_DS18B20
  -------         DO            
  B:0020H.7       SYMBOL        initflag
  -------         ENDDO         
  C:05CBH         LINE#         16
  C:05CBH         LINE#         17
  C:05CBH         LINE#         18
  C:05CDH         LINE#         19
  C:05CFH         LINE#         20
  C:05D6H         LINE#         21
  C:05D8H         LINE#         22
  C:05DFH         LINE#         23
  C:05E1H         LINE#         24
  C:05E8H         LINE#         25
  C:05ECH         LINE#         26
  C:05EFH         LINE#         28
  C:05F1H         LINE#         29
  -------         ENDPROC       INIT_DS18B20
  -------         PROC          _WRITE_DS18B20
  D:0001H         SYMBOL        dat
  -------         DO            
  D:0003H         SYMBOL        i
  -------         ENDDO         
BL51 BANKED LINKER/LOCATER V6.22                                                      03/07/2016  11:02:41  PAGE 5


  C:0618H         LINE#         32
  C:061AH         LINE#         33
  C:061AH         LINE#         35
  C:061CH         LINE#         36
  C:061CH         LINE#         37
  C:061EH         LINE#         38
  C:0622H         LINE#         39
  C:0625H         LINE#         40
  C:0627H         LINE#         41
  C:062BH         LINE#         42
  C:062FH         LINE#         43
  -------         ENDPROC       _WRITE_DS18B20
  -------         PROC          READ_DS18B20
  -------         DO            
  D:0003H         SYMBOL        i
  D:0004H         SYMBOL        dat
  -------         ENDDO         
  C:066DH         LINE#         47
  C:066DH         LINE#         48
  C:066DH         LINE#         52
  C:066FH         LINE#         53
  C:066FH         LINE#         54
  C:0671H         LINE#         55
  C:0675H         LINE#         56
  C:0677H         LINE#         57
  C:067AH         LINE#         58
  C:067AH         LINE#         59
  C:067DH         LINE#         60
  C:067DH         LINE#         61
  C:0680H         LINE#         62
  C:0684H         LINE#         63
  C:0686H         LINE#         64
  -------         ENDPROC       READ_DS18B20
  -------         PROC          READ_TEMP
  -------         DO            
  D:0001H         SYMBOL        temp_l
  D:0007H         SYMBOL        temp_h
  D:0007H         SYMBOL        temp
  -------         ENDDO         
  C:0596H         LINE#         66
  C:0596H         LINE#         69
  C:0599H         LINE#         70
  C:059EH         LINE#         71
  C:05A3H         LINE#         72
  C:05AAH         LINE#         73
  C:05ADH         LINE#         74
  C:05B2H         LINE#         75
  C:05B7H         LINE#         77
  C:05BCH         LINE#         78
  C:05BFH         LINE#         79
  C:05CAH         LINE#         80
  C:05CAH         LINE#         81
  -------         ENDPROC       READ_TEMP
  -------         ENDMOD        DS18B20

  -------         MODULE        MAIN
  C:0000H         SYMBOL        _ICE_DUMMY_
BL51 BANKED LINKER/LOCATER V6.22                                                      03/07/2016  11:02:41  PAGE 6


  B:0020H.0       PUBLIC        input_finished_flg
  C:06CFH         PUBLIC        Relay
  D:0080H         PUBLIC        P0
  C:0410H         PUBLIC        Windows_def
  D:0090H         PUBLIC        P1
  D:00A0H         PUBLIC        P2
  C:06E0H         PUBLIC        Windows_disp
  D:00B0H         PUBLIC        P3
  D:0022H         PUBLIC        temp_interval
  D:00C0H         PUBLIC        P4
  D:00C8H         PUBLIC        P5
  B:00A8H.7       PUBLIC        EA
  D:00E8H         PUBLIC        P6
  D:00F8H         PUBLIC        P7
  B:0020H.1       PUBLIC        L1_flash_flg
  D:00A8H         PUBLIC        IE
  B:0020H.2       PUBLIC        smg_changed_flg
  C:05F2H         PUBLIC        Put_set_key
  D:00B8H         PUBLIC        IP
  B:0020H.3       PUBLIC        temp_arg_err_flg
  B:0098H.1       PUBLIC        TI
  C:06A0H         PUBLIC        System_init
  D:0023H         PUBLIC        current_temp
  D:0024H         PUBLIC        time_base_2ms
  D:00D8H         PUBLIC        CCON
  C:0636H         PUBLIC        main
  C:04CAH         PUBLIC        _Led_disp
  C:03A3H         PUBLIC        Key_scan
  C:0026H         PUBLIC        Timer0
  D:0098H         PUBLIC        SCON
  C:06B8H         PUBLIC        UartInit
  D:0089H         PUBLIC        TMOD
  D:0088H         PUBLIC        TCON
  B:00C0H.2       PUBLIC        P42
  B:00B0H.4       PUBLIC        P34
  B:00C0H.4       PUBLIC        P44
  B:00B0H.5       PUBLIC        P35
  D:0028H         PUBLIC        L1_flash_interval
  C:0145H         PUBLIC        Key_ack
  C:051AH         PUBLIC        Smg_disp
  D:008EH         PUBLIC        AUXR
  C:06EFH         PUBLIC        smg_code
  B:00A8H.1       PUBLIC        ET0
  B:0088H.5       PUBLIC        TF0
  B:00A8H.3       PUBLIC        ET1
  C:000EH         PUBLIC        Timer0Init
  D:0029H         PUBLIC        key_value
  D:008CH         PUBLIC        TH0
  D:008DH         PUBLIC        TH1
  C:0003H         PUBLIC        Uart0
  B:0020H.4       PUBLIC        put_set_key_flg
  D:008AH         PUBLIC        TL0
  D:008BH         PUBLIC        TL1
  B:0020H.5       PUBLIC        temp_read_flg
  D:002AH         PUBLIC        win_state
  B:0088H.4       PUBLIC        TR0
  B:0088H.6       PUBLIC        TR1
BL51 BANKED LINKER/LOCATER V6.22                                                      03/07/2016  11:02:41  PAGE 7


  D:002BH         PUBLIC        temp_min
  D:002CH         PUBLIC        temp_max
  D:002DH         PUBLIC        smg_buf
  D:0035H         PUBLIC        key_buf
  C:0687H         PUBLIC        Put_reset_key
  B:0020H.6       PUBLIC        key_scan_flg
  D:0039H         PUBLIC        key_buf_point
  C:0478H         PUBLIC        Windows_edit
  D:00D0H         PUBLIC        PSW
  -------         PROC          _LED_DISP
  D:0007H         SYMBOL        L_x
  B:0020H.7       SYMBOL        state
  C:04CAH         LINE#         61
  C:04CAH         LINE#         62
  C:04CDH         LINE#         63
  C:04D5H         LINE#         64
  C:04D5H         LINE#         65
  C:04DBH         LINE#         66
  C:04E1H         LINE#         67
  C:04E1H         LINE#         68
  C:04E3H         LINE#         69
  C:04E3H         LINE#         70
  C:04E9H         LINE#         71
  C:04EFH         LINE#         72
  C:04EFH         LINE#         73
  C:04F1H         LINE#         74
  C:04F1H         LINE#         75
  C:04F1H         LINE#         76
  C:04F1H         LINE#         77
  C:04F9H         LINE#         78
  C:04F9H         LINE#         79
  C:04FFH         LINE#         80
  C:0505H         LINE#         81
  C:0505H         LINE#         82
  C:0507H         LINE#         83
  C:0507H         LINE#         84
  C:050DH         LINE#         85
  C:0513H         LINE#         86
  C:0519H         LINE#         87
  C:0519H         LINE#         88
  C:0519H         LINE#         89
  C:0519H         LINE#         90
  -------         ENDPROC       _LED_DISP
  -------         PROC          SMG_DISP
  -------         DO            
  D:0021H         SYMBOL        smg_addr
  -------         ENDDO         
  C:051AH         LINE#         92
  C:051AH         LINE#         93
  C:051AH         LINE#         94
  C:0520H         LINE#         96
  C:0526H         LINE#         97
  C:0535H         LINE#         98
  C:053BH         LINE#         99
  C:054CH         LINE#         101
  C:0552H         LINE#         103
  C:0554H         LINE#         104
BL51 BANKED LINKER/LOCATER V6.22                                                      03/07/2016  11:02:41  PAGE 8


  C:055EH         LINE#         105
  -------         ENDPROC       SMG_DISP
  -------         PROC          RELAY
  B:0020H.7       SYMBOL        state
  C:06CFH         LINE#         108
  C:06CFH         LINE#         109
  C:06D2H         LINE#         110
  C:06D8H         LINE#         111
  C:06D9H         LINE#         112
  C:06D9H         LINE#         113
  C:06DFH         LINE#         114
  C:06DFH         LINE#         115
  -------         ENDPROC       RELAY
  -------         PROC          KEY_SCAN
  -------         DO            
  D:0007H         SYMBOL        row
  D:0006H         SYMBOL        col
  D:0005H         SYMBOL        tmp
  -------         ENDDO         
  C:03A3H         LINE#         118
  C:03A3H         LINE#         119
  C:03A5H         LINE#         120
  C:03A7H         LINE#         121
  C:03A7H         LINE#         123
  C:03AAH         LINE#         124
  C:03ACH         LINE#         125
  C:03AEH         LINE#         126
  C:03B3H         LINE#         127
  C:03B7H         LINE#         128
  C:03C7H         LINE#         129
  C:03C7H         LINE#         130
  C:03C9H         LINE#         131
  C:03CBH         LINE#         132
  C:03CBH         LINE#         133
  C:03CDH         LINE#         134
  C:03CFH         LINE#         135
  C:03CFH         LINE#         136
  C:03D1H         LINE#         137
  C:03D3H         LINE#         138
  C:03D3H         LINE#         139
  C:03D5H         LINE#         140
  C:03D5H         LINE#         142
  C:03D5H         LINE#         143
  C:03D8H         LINE#         144
  C:03DAH         LINE#         145
  C:03DCH         LINE#         146
  C:03E3H         LINE#         147
  C:03EAH         LINE#         148
  C:03F1H         LINE#         149
  C:03F6H         LINE#         150
  C:0402H         LINE#         151
  C:040BH         LINE#         152
  C:040CH         LINE#         153
  C:040FH         LINE#         154
  -------         ENDPROC       KEY_SCAN
  -------         PROC          PUT_SET_KEY
  C:05F2H         LINE#         155
BL51 BANKED LINKER/LOCATER V6.22                                                      03/07/2016  11:02:41  PAGE 9


  C:05F2H         LINE#         156
  C:05F6H         LINE#         157
  C:05F9H         LINE#         158
  C:05FCH         LINE#         159
  C:05FFH         LINE#         160
  C:0602H         LINE#         161
  C:0605H         LINE#         162
  C:0607H         LINE#         163
  C:0609H         LINE#         164
  C:060BH         LINE#         165
  C:060CH         LINE#         166
  C:060CH         LINE#         167
  C:0612H         LINE#         168
  C:0615H         LINE#         169
  C:0617H         LINE#         170
  C:0617H         LINE#         171
  C:0617H         LINE#         172
  -------         ENDPROC       PUT_SET_KEY
  -------         PROC          PUT_RESET_KEY
  C:0687H         LINE#         173
  C:0687H         LINE#         174
  C:068CH         LINE#         175
  C:068FH         LINE#         176
  C:0692H         LINE#         177
  C:0695H         LINE#         178
  C:0698H         LINE#         179
  C:069AH         LINE#         180
  C:069CH         LINE#         181
  C:069FH         LINE#         182
  C:069FH         LINE#         183
  -------         ENDPROC       PUT_RESET_KEY
  -------         PROC          KEY_ACK
  C:0145H         LINE#         184
  C:0145H         LINE#         185
  C:014CH         LINE#         186
  C:0190H         LINE#         187
  C:0190H         LINE#         188
  C:0196H         LINE#         189
  C:019DH         LINE#         190
  C:019FH         LINE#         191
  C:019FH         LINE#         192
  C:01A2H         LINE#         193
  C:01A2H         LINE#         194
  C:01A8H         LINE#         195
  C:01AFH         LINE#         196
  C:01B1H         LINE#         197
  C:01B1H         LINE#         198
  C:01B3H         LINE#         199
  C:01B3H         LINE#         200
  C:01B6H         LINE#         201
  C:01BDH         LINE#         202
  C:01BFH         LINE#         203
  C:01BFH         LINE#         204
  C:01C1H         LINE#         205
  C:01C1H         LINE#         206
  C:01C4H         LINE#         207
  C:01CBH         LINE#         208
BL51 BANKED LINKER/LOCATER V6.22                                                      03/07/2016  11:02:41  PAGE 10


  C:01CDH         LINE#         209
  C:01CDH         LINE#         210
  C:01CFH         LINE#         211
  C:01CFH         LINE#         212
  C:01D2H         LINE#         213
  C:01D9H         LINE#         214
  C:01DBH         LINE#         215
  C:01DBH         LINE#         216
  C:01DDH         LINE#         217
  C:01DDH         LINE#         218
  C:01E0H         LINE#         219
  C:01E7H         LINE#         220
  C:01E9H         LINE#         221
  C:01E9H         LINE#         222
  C:01EBH         LINE#         223
  C:01EBH         LINE#         224
  C:01EEH         LINE#         225
  C:01F5H         LINE#         226
  C:01F7H         LINE#         227
  C:01F7H         LINE#         228
  C:01F9H         LINE#         229
  C:01F9H         LINE#         230
  C:01FCH         LINE#         231
  C:0203H         LINE#         232
  C:0205H         LINE#         233
  C:0205H         LINE#         234
  C:0207H         LINE#         235
  C:0207H         LINE#         236
  C:020AH         LINE#         237
  C:0211H         LINE#         238
  C:0213H         LINE#         239
  C:0213H         LINE#         240
  C:0215H         LINE#         241
  C:0215H         LINE#         242
  C:0218H         LINE#         243
  C:021FH         LINE#         244
  C:0221H         LINE#         245
  C:0221H         LINE#         246
  C:0223H         LINE#         247
  C:0223H         LINE#         248
  C:0226H         LINE#         249
  C:0228H         LINE#         250
  C:0228H         LINE#         251
  C:022BH         LINE#         252
  C:022BH         LINE#         253
  C:022BH         LINE#         254
  C:022EH         LINE#         255
  C:0237H         LINE#         256
  C:0237H         LINE#         257
  -------         ENDPROC       KEY_ACK
  -------         PROC          WINDOWS_DEF
  C:0410H         LINE#         260
  C:0410H         LINE#         261
  C:0417H         LINE#         262
  C:041AH         LINE#         263
  C:041CH         LINE#         264
  C:041CH         LINE#         265
BL51 BANKED LINKER/LOCATER V6.22                                                      03/07/2016  11:02:41  PAGE 11


  C:041EH         LINE#         266
  C:042CH         LINE#         267
  C:042FH         LINE#         268
  C:0432H         LINE#         269
  C:0434H         LINE#         270
  C:0436H         LINE#         271
  C:0436H         LINE#         272
  C:0439H         LINE#         273
  C:043CH         LINE#         274
  C:0441H         LINE#         275
  C:0441H         LINE#         276
  C:0444H         LINE#         277
  C:044CH         LINE#         278
  C:0455H         LINE#         279
  C:0458H         LINE#         280
  C:045BH         LINE#         281
  C:045EH         LINE#         282
  C:0461H         LINE#         283
  C:0464H         LINE#         284
  C:0467H         LINE#         285
  C:0469H         LINE#         286
  C:0469H         LINE#         287
  C:046CH         LINE#         288
  C:046EH         LINE#         289
  C:0470H         LINE#         290
  C:0470H         LINE#         291
  C:0477H         LINE#         292
  C:0477H         LINE#         293
  -------         ENDPROC       WINDOWS_DEF
  -------         PROC          WINDOWS_EDIT
  C:0478H         LINE#         294
  C:0478H         LINE#         295
  C:047FH         LINE#         296
  C:0482H         LINE#         297
  C:0485H         LINE#         298
  C:0488H         LINE#         299
  C:048BH         LINE#         300
  C:048EH         LINE#         301
  C:0490H         LINE#         302
  C:0490H         LINE#         303
  C:0493H         LINE#         304
  C:0496H         LINE#         305
  C:0499H         LINE#         306
  C:049CH         LINE#         307
  C:049FH         LINE#         308
  C:04A9H         LINE#         309
  C:04B3H         LINE#         310
  C:04BAH         LINE#         311
  C:04BCH         LINE#         312
  C:04BEH         LINE#         313
  C:04C0H         LINE#         314
  C:04C0H         LINE#         315
  C:04C2H         LINE#         316
  C:04C9H         LINE#         317
  C:04C9H         LINE#         318
  C:04C9H         LINE#         319
  -------         ENDPROC       WINDOWS_EDIT
BL51 BANKED LINKER/LOCATER V6.22                                                      03/07/2016  11:02:41  PAGE 12


  -------         PROC          WINDOWS_DISP
  C:06E0H         LINE#         320
  C:06E0H         LINE#         321
  C:06E8H         LINE#         322
  C:06E8H         LINE#         323
  C:06EBH         LINE#         324
  C:06EBH         LINE#         325
  C:06EBH         LINE#         326
  C:06EEH         LINE#         327
  C:06EEH         LINE#         328
  C:06EEH         LINE#         329
  -------         ENDPROC       WINDOWS_DISP
  -------         PROC          TIMER0INIT
  C:000EH         LINE#         331
  C:000EH         LINE#         332
  C:000EH         LINE#         333
  C:0011H         LINE#         334
  C:0014H         LINE#         337
  C:0017H         LINE#         338
  C:001AH         LINE#         341
  C:001CH         LINE#         342
  C:001EH         LINE#         343
  C:0020H         LINE#         344
  C:0022H         LINE#         345
  -------         ENDPROC       TIMER0INIT
  -------         PROC          UARTINIT
  C:06B8H         LINE#         347
  C:06B8H         LINE#         348
  C:06B8H         LINE#         349
  C:06BBH         LINE#         350
  C:06BEH         LINE#         351
  C:06C1H         LINE#         352
  C:06C4H         LINE#         353
  C:06C7H         LINE#         354
  C:06CAH         LINE#         355
  C:06CCH         LINE#         356
  C:06CEH         LINE#         357
  -------         ENDPROC       UARTINIT
  -------         PROC          SYSTEM_INIT
  C:06A0H         LINE#         358
  C:06A0H         LINE#         359
  C:06A6H         LINE#         360
  C:06ACH         LINE#         361
  C:06AFH         LINE#         362
  C:06B2H         LINE#         363
  C:06B5H         LINE#         364
  -------         ENDPROC       SYSTEM_INIT
  -------         PROC          MAIN
  C:0636H         LINE#         367
  C:0636H         LINE#         368
  C:0639H         LINE#         369
  C:0639H         LINE#         370
  C:063CH         LINE#         371
  C:063FH         LINE#         372
  C:0641H         LINE#         373
  C:0644H         LINE#         374
  C:0647H         LINE#         375
BL51 BANKED LINKER/LOCATER V6.22                                                      03/07/2016  11:02:41  PAGE 13


  C:0647H         LINE#         376
  C:064AH         LINE#         377
  C:064CH         LINE#         378
  C:0651H         LINE#         379
  C:0651H         LINE#         380
  -------         ENDPROC       MAIN
  -------         PROC          TIMER0
  C:0026H         LINE#         383
  C:0043H         LINE#         385
  C:0058H         LINE#         386
  C:005BH         LINE#         387
  C:007FH         LINE#         388
  C:0081H         LINE#         389
  C:0081H         LINE#         390
  C:00A5H         LINE#         391
  C:00A7H         LINE#         392
  C:00A7H         LINE#         393
  C:00CBH         LINE#         394
  C:00D7H         LINE#         395
  C:00D7H         LINE#         396
  C:00D9H         LINE#         397
  C:00DBH         LINE#         398
  C:00DBH         LINE#         399
  C:00FFH         LINE#         400
  C:0101H         LINE#         401
  C:0101H         LINE#         402
  C:0103H         LINE#         403
  C:0103H         LINE#         404
  C:0128H         LINE#         405
  C:012AH         LINE#         406
  C:012AH         LINE#         407
  C:012AH         LINE#         408
  C:012AH         LINE#         409
  C:012AH         LINE#         410
  -------         ENDPROC       TIMER0
  -------         PROC          UART0
  C:0003H         LINE#         411
  C:0003H         LINE#         412
  C:0005H         LINE#         413
  -------         ENDPROC       UART0
  -------         ENDMOD        MAIN

  -------         MODULE        ?C?ULDIV
  C:0274H         PUBLIC        ?C?ULDIV
  -------         ENDMOD        ?C?ULDIV

  -------         MODULE        ?C?ULCMP
  C:0306H         PUBLIC        ?C?ULCMP
  -------         ENDMOD        ?C?ULCMP

Program Size: data=35.0 xdata=0 code=1782
LINK/LOCATE RUN COMPLETE.  0 WARNING(S),  0 ERROR(S)
