BL51 BANKED LINKER/LOCATER V6.22                                                        03/06/2016  11:47:59  PAGE 1


BL51 BANKED LINKER/LOCATER V6.22, INVOKED BY:
D:\PROGRAM FILES (X86)\KEIL\C51\BIN\BL51.EXE STARTUP.obj, DS1302.obj, iic.obj, main.obj TO test6 RAMSIZE (256)


MEMORY MODEL: SMALL WITH FLOATING POINT ARITHMETIC


INPUT MODULES INCLUDED:
  STARTUP.obj (?C_STARTUP)
  DS1302.obj (DS1302)
  iic.obj (IIC)
  main.obj (MAIN)
  D:\PROGRAM FILES (X86)\KEIL\C51\LIB\C51FPS.LIB (?C?FPADD)
  D:\PROGRAM FILES (X86)\KEIL\C51\LIB\C51FPS.LIB (?C?FPMUL)
  D:\PROGRAM FILES (X86)\KEIL\C51\LIB\C51FPS.LIB (?C?FCAST)
  D:\PROGRAM FILES (X86)\KEIL\C51\LIB\C51FPS.LIB (?C?CASTF)
  D:\PROGRAM FILES (X86)\KEIL\C51\LIB\C51FPS.LIB (?C?FPGETOPN)
  D:\PROGRAM FILES (X86)\KEIL\C51\LIB\C51S.LIB (?C_INIT)
  D:\PROGRAM FILES (X86)\KEIL\C51\LIB\C51S.LIB (?C?CLDOPTR)
  D:\PROGRAM FILES (X86)\KEIL\C51\LIB\C51S.LIB (?C?ULDIV)
  D:\PROGRAM FILES (X86)\KEIL\C51\LIB\C51S.LIB (?C?LNEG)
  D:\PROGRAM FILES (X86)\KEIL\C51\LIB\C51S.LIB (?C?ULCMP)


LINK MAP OF MODULE:  test6 (?C_STARTUP)


            TYPE    BASE      LENGTH    RELOCATION   SEGMENT NAME
            -----------------------------------------------------

            * * * * * * *   D A T A   M E M O R Y   * * * * * * *
            REG     0000H     0008H     ABSOLUTE     "REG BANK 0"
            DATA    0008H     0014H     UNIT         ?DT?MAIN
            DATA    001CH     0001H     UNIT         _DATA_GROUP_
                    001DH     0003H                  *** GAP ***
            BIT     0020H.0   0001H.3   UNIT         ?BI?MAIN
            BIT     0021H.3   0000H.2   UNIT         _BIT_GROUP_
                    0021H.5   0000H.3                *** GAP ***
            IDATA   0022H     0001H     UNIT         ?STACK

            * * * * * * *   C O D E   M E M O R Y   * * * * * * *
            CODE    0000H     0003H     ABSOLUTE     
            CODE    0003H     0003H     UNIT         ?PR?UART1?MAIN
                    0006H     0005H                  *** GAP ***
            CODE    000BH     0003H     ABSOLUTE     
            CODE    000EH     0015H     UNIT         ?PR?TIMER0INIT?MAIN
            CODE    0023H     0003H     ABSOLUTE     
            CODE    0026H     03D7H     UNIT         ?C?LIB_CODE
            CODE    03FDH     00F2H     UNIT         ?PR?TIMER0?MAIN
            CODE    04EFH     00BCH     UNIT         ?PR?WINDOWS_DEF?MAIN
            CODE    05ABH     008CH     UNIT         ?C_C51STARTUP
            CODE    0637H     004DH     UNIT         ?PR?_SMG_DISP?MAIN
            CODE    0684H     0048H     UNIT         ?PR?MAIN?MAIN
            CODE    06CCH     0047H     UNIT         ?PR?SYSTEM_AUTO_MODE?MAIN
            CODE    0713H     0033H     UNIT         ?C_INITSEG
            CODE    0746H     002DH     UNIT         ?PR?KEY_SCAN?MAIN
            CODE    0773H     0028H     UNIT         ?PR?SYSTEM_MANUL_MODE?MAIN
            CODE    079BH     0026H     UNIT         ?PR?KEY_ACK?MAIN
BL51 BANKED LINKER/LOCATER V6.22                                                      03/06/2016  11:47:59  PAGE 2


            CODE    07C1H     0025H     UNIT         ?PR?_EEPROM_WRITE?IIC
            CODE    07E6H     0024H     UNIT         ?PR?_DS1302_SINGLE_BYTE_READ?DS1302
            CODE    080AH     0024H     UNIT         ?PR?_IIC_SENDBYTE?IIC
            CODE    082EH     0022H     UNIT         ?PR?AD_READ?IIC
            CODE    0850H     0021H     UNIT         ?PR?DS1302_INIT?DS1302
            CODE    0871H     001FH     UNIT         ?PR?L1_DISP?MAIN
            CODE    0890H     001FH     UNIT         ?PR?L2_DISP?MAIN
            CODE    08AFH     001EH     UNIT         ?PR?IIC_RECBYTE?IIC
            CODE    08CDH     001DH     UNIT         ?PR?_WRITE_DS1302_BYTE?DS1302
            CODE    08EAH     001DH     UNIT         ?PR?READ_DS1302_BYTE?DS1302
            CODE    0907H     001DH     UNIT         ?PR?SYSTEM_PILOT?MAIN
            CODE    0924H     001AH     UNIT         ?PR?PUT_S6?MAIN
            CODE    093EH     0018H     UNIT         ?PR?_DS1302_SINGLE_BYTE_WRITE?DS1302
            CODE    0956H     0017H     UNIT         ?PR?UARTINIT?MAIN
            CODE    096DH     0016H     UNIT         ?PR?_IIC_ACK?IIC
            CODE    0983H     0014H     UNIT         ?PR?IIC_WAITACK?IIC
            CODE    0997H     0014H     UNIT         ?PR?BUZZER?MAIN
            CODE    09ABH     0014H     UNIT         ?PR?RELAY?MAIN
            CODE    09BFH     0014H     UNIT         ?PR?BOARD_INIT?MAIN
            CODE    09D3H     0014H     UNIT         ?CO?MAIN
            CODE    09E7H     0013H     UNIT         ?PR?AD_INIT?IIC
            CODE    09FAH     0010H     UNIT         ?PR?PUT_S4?MAIN
            CODE    0A0AH     0010H     UNIT         ?PR?PUT_S5?MAIN
            CODE    0A1AH     000FH     UNIT         ?PR?PUT_S7?MAIN
            CODE    0A29H     000FH     UNIT         ?PR?SYSTEM_WORK?MAIN
            CODE    0A38H     000FH     UNIT         ?PR?SYSTEM_INIT?MAIN
            CODE    0A47H     000DH     UNIT         ?PR?DELAY5US?IIC
            CODE    0A54H     000DH     UNIT         ?PR?IIC_START?IIC
            CODE    0A61H     000AH     UNIT         ?PR?IIC_STOP?IIC
            CODE    0A6BH     0009H     UNIT         ?PR?DELAY10MS?IIC



OVERLAY MAP OF MODULE:   test6 (?C_STARTUP)


SEGMENT                                         BIT_GROUP          DATA_GROUP 
  +--> CALLED SEGMENT                        START    LENGTH     START    LENGTH
--------------------------------------------------------------------------------
?C_C51STARTUP                                -----    -----      -----    -----
  +--> ?PR?MAIN?MAIN
  +--> ?C_INITSEG

?PR?MAIN?MAIN                                -----    -----      -----    -----
  +--> ?PR?SYSTEM_INIT?MAIN
  +--> ?PR?_EEPROM_WRITE?IIC
  +--> ?PR?SYSTEM_WORK?MAIN
  +--> ?PR?KEY_SCAN?MAIN
  +--> ?PR?KEY_ACK?MAIN
  +--> ?PR?AD_READ?IIC

?PR?SYSTEM_INIT?MAIN                         -----    -----      -----    -----
  +--> ?PR?BOARD_INIT?MAIN
  +--> ?PR?UARTINIT?MAIN
  +--> ?PR?TIMER0INIT?MAIN
  +--> ?PR?AD_INIT?IIC
  +--> ?PR?DS1302_INIT?DS1302
BL51 BANKED LINKER/LOCATER V6.22                                                      03/06/2016  11:47:59  PAGE 3



?PR?BOARD_INIT?MAIN                          -----    -----      -----    -----
  +--> ?CO?MAIN

?PR?AD_INIT?IIC                              -----    -----      -----    -----
  +--> ?PR?IIC_START?IIC
  +--> ?PR?IIC_WAITACK?IIC
  +--> ?PR?IIC_STOP?IIC
  +--> ?PR?DELAY10MS?IIC

?PR?IIC_START?IIC                            -----    -----      -----    -----
  +--> ?PR?DELAY5US?IIC

?PR?IIC_WAITACK?IIC                          -----    -----      -----    -----
  +--> ?PR?_IIC_SENDBYTE?IIC
  +--> ?PR?DELAY5US?IIC
  +--> ?PR?IIC_STOP?IIC

?PR?_IIC_SENDBYTE?IIC                        -----    -----      -----    -----
  +--> ?PR?DELAY5US?IIC

?PR?IIC_STOP?IIC                             -----    -----      -----    -----
  +--> ?PR?DELAY5US?IIC

?PR?DS1302_INIT?DS1302                       -----    -----      -----    -----
  +--> ?PR?_DS1302_SINGLE_BYTE_WRITE?DS1302

?PR?_DS1302_SINGLE_BYTE_WRITE?DS1302         -----    -----      -----    -----
  +--> ?PR?_WRITE_DS1302_BYTE?DS1302

?PR?_EEPROM_WRITE?IIC                        -----    -----      -----    -----
  +--> ?PR?IIC_START?IIC
  +--> ?PR?_IIC_SENDBYTE?IIC
  +--> ?PR?IIC_WAITACK?IIC
  +--> ?PR?IIC_STOP?IIC
  +--> ?PR?DELAY10MS?IIC

?PR?SYSTEM_WORK?MAIN                         -----    -----      -----    -----
  +--> ?PR?SYSTEM_AUTO_MODE?MAIN
  +--> ?PR?SYSTEM_MANUL_MODE?MAIN

?PR?SYSTEM_AUTO_MODE?MAIN                    -----    -----      -----    -----
  +--> ?PR?BUZZER?MAIN
  +--> ?PR?WINDOWS_DEF?MAIN
  +--> ?PR?RELAY?MAIN

?PR?BUZZER?MAIN                              0021H.3  0000H.1    -----    -----
  +--> ?CO?MAIN

?PR?WINDOWS_DEF?MAIN                         -----    -----      001CH    0001H
  +--> ?PR?_DS1302_SINGLE_BYTE_READ?DS1302

?PR?_DS1302_SINGLE_BYTE_READ?DS1302          -----    -----      -----    -----
  +--> ?PR?_WRITE_DS1302_BYTE?DS1302
  +--> ?PR?READ_DS1302_BYTE?DS1302

?PR?RELAY?MAIN                               0021H.3  0000H.1    -----    -----
BL51 BANKED LINKER/LOCATER V6.22                                                      03/06/2016  11:47:59  PAGE 4


  +--> ?CO?MAIN

?PR?SYSTEM_MANUL_MODE?MAIN                   -----    -----      -----    -----
  +--> ?PR?WINDOWS_DEF?MAIN
  +--> ?PR?RELAY?MAIN
  +--> ?PR?BUZZER?MAIN

?PR?KEY_ACK?MAIN                             -----    -----      -----    -----
  +--> ?PR?PUT_S4?MAIN
  +--> ?PR?PUT_S5?MAIN
  +--> ?PR?PUT_S6?MAIN
  +--> ?PR?PUT_S7?MAIN

?PR?PUT_S6?MAIN                              -----    -----      -----    -----
  +--> ?PR?_EEPROM_WRITE?IIC

?PR?AD_READ?IIC                              -----    -----      -----    -----
  +--> ?PR?IIC_START?IIC
  +--> ?PR?_IIC_SENDBYTE?IIC
  +--> ?PR?IIC_WAITACK?IIC
  +--> ?PR?IIC_RECBYTE?IIC
  +--> ?PR?_IIC_ACK?IIC
  +--> ?PR?IIC_STOP?IIC
  +--> ?PR?DELAY10MS?IIC

?PR?IIC_RECBYTE?IIC                          -----    -----      -----    -----
  +--> ?PR?DELAY5US?IIC

?PR?_IIC_ACK?IIC                             -----    -----      -----    -----
  +--> ?PR?DELAY5US?IIC

*** NEW ROOT ***************************************************

?PR?TIMER0?MAIN                              -----    -----      -----    -----
  +--> ?PR?_SMG_DISP?MAIN
  +--> ?PR?SYSTEM_PILOT?MAIN

?PR?_SMG_DISP?MAIN                           -----    -----      -----    -----
  +--> ?CO?MAIN

?PR?SYSTEM_PILOT?MAIN                        -----    -----      -----    -----
  +--> ?PR?L2_DISP?MAIN
  +--> ?PR?L1_DISP?MAIN

?PR?L2_DISP?MAIN                             0021H.4  0000H.1    -----    -----
  +--> ?CO?MAIN

?PR?L1_DISP?MAIN                             0021H.4  0000H.1    -----    -----
  +--> ?CO?MAIN



SYMBOL TABLE OF MODULE:  test6 (?C_STARTUP)

  VALUE           TYPE          NAME
  ----------------------------------

BL51 BANKED LINKER/LOCATER V6.22                                                      03/06/2016  11:47:59  PAGE 5


  -------         MODULE        ?C_STARTUP
  C:05ABH         SEGMENT       ?C_C51STARTUP
  I:0022H         SEGMENT       ?STACK
  C:0000H         PUBLIC        ?C_STARTUP
  D:00E0H         SYMBOL        ACC
  D:00F0H         SYMBOL        B
  D:0083H         SYMBOL        DPH
  D:0082H         SYMBOL        DPL
  N:0000H         SYMBOL        IBPSTACK
  N:0100H         SYMBOL        IBPSTACKTOP
  N:0080H         SYMBOL        IDATALEN
  C:05AEH         SYMBOL        IDATALOOP
  N:0000H         SYMBOL        PBPSTACK
  N:0100H         SYMBOL        PBPSTACKTOP
  N:0000H         SYMBOL        PDATALEN
  N:0000H         SYMBOL        PDATASTART
  N:0000H         SYMBOL        PPAGE
  N:0000H         SYMBOL        PPAGEENABLE
  D:00A0H         SYMBOL        PPAGE_SFR
  D:0081H         SYMBOL        SP
  C:05ABH         SYMBOL        STARTUP1
  N:0000H         SYMBOL        XBPSTACK
  N:0000H         SYMBOL        XBPSTACKTOP
  N:0000H         SYMBOL        XDATALEN
  N:0000H         SYMBOL        XDATASTART
  C:0000H         LINE#         126
  C:05ABH         LINE#         133
  C:05ADH         LINE#         134
  C:05AEH         LINE#         135
  C:05AFH         LINE#         136
  C:05B1H         LINE#         185
  C:05B4H         LINE#         196
  -------         ENDMOD        ?C_STARTUP

  -------         MODULE        DS1302
  C:0000H         SYMBOL        _ICE_DUMMY_
  D:0080H         PUBLIC        P0
  D:0090H         PUBLIC        P1
  D:00A0H         PUBLIC        P2
  D:00B0H         PUBLIC        P3
  D:00C0H         PUBLIC        P4
  D:00C8H         PUBLIC        P5
  D:00E8H         PUBLIC        P6
  D:00F8H         PUBLIC        P7
  D:00A8H         PUBLIC        IE
  B:00A0H.3       PUBLIC        SD
  D:00B8H         PUBLIC        IP
  C:07E6H         PUBLIC        _Ds1302_Single_Byte_Read
  D:00D8H         PUBLIC        CCON
  C:093EH         PUBLIC        _Ds1302_Single_Byte_Write
  D:0098H         PUBLIC        SCON
  D:0088H         PUBLIC        TCON
  C:08EAH         PUBLIC        Read_Ds1302_Byte
  C:0850H         PUBLIC        DS1302_Init
  B:0090H.7       PUBLIC        SCK
  C:08CDH         PUBLIC        _Write_Ds1302_Byte
  B:0090H.3       PUBLIC        RST
BL51 BANKED LINKER/LOCATER V6.22                                                      03/06/2016  11:47:59  PAGE 6


  D:00D0H         PUBLIC        PSW
  -------         PROC          _WRITE_DS1302_BYTE
  D:0007H         SYMBOL        dat
  -------         DO            
  D:0006H         SYMBOL        i
  -------         ENDDO         
  C:08CDH         LINE#         4
  C:08CDH         LINE#         5
  C:08CDH         LINE#         7
  C:08CFH         LINE#         8
  C:08D1H         LINE#         9
  C:08D1H         LINE#         10
  C:08D3H         LINE#         11
  C:08D7H         LINE#         12
  C:08D7H         LINE#         13
  C:08D9H         LINE#         14
  C:08DBH         LINE#         16
  C:08DBH         LINE#         17
  C:08DDH         LINE#         18
  C:08DDH         LINE#         19
  C:08DFH         LINE#         20
  C:08E1H         LINE#         21
  C:08E5H         LINE#         22
  C:08E9H         LINE#         23
  -------         ENDPROC       _WRITE_DS1302_BYTE
  -------         PROC          READ_DS1302_BYTE
  -------         DO            
  D:0006H         SYMBOL        i
  D:0007H         SYMBOL        dat
  -------         ENDDO         
  C:08EAH         LINE#         26
  C:08EAH         LINE#         27
  C:08EAH         LINE#         28
  C:08ECH         LINE#         29
  C:08EDH         LINE#         30
  C:08EDH         LINE#         31
  C:08F1H         LINE#         32
  C:08F4H         LINE#         33
  C:08F4H         LINE#         34
  C:08F7H         LINE#         35
  C:08F9H         LINE#         37
  C:08F9H         LINE#         38
  C:08FCH         LINE#         39
  C:08FCH         LINE#         40
  C:08FEH         LINE#         41
  C:0900H         LINE#         42
  C:0904H         LINE#         43
  C:0906H         LINE#         44
  C:0906H         LINE#         45
  -------         ENDPROC       READ_DS1302_BYTE
  -------         PROC          _DS1302_SINGLE_BYTE_WRITE
  D:0006H         SYMBOL        addr
  D:0005H         SYMBOL        dat
  C:093EH         LINE#         49
  C:0940H         LINE#         50
  C:0940H         LINE#         52
  C:0942H         LINE#         53
BL51 BANKED LINKER/LOCATER V6.22                                                      03/06/2016  11:47:59  PAGE 7


  C:0944H         LINE#         55
  C:0946H         LINE#         56
  C:0949H         LINE#         57
  C:094EH         LINE#         58
  C:0953H         LINE#         59
  C:0955H         LINE#         60
  -------         ENDPROC       _DS1302_SINGLE_BYTE_WRITE
  -------         PROC          _DS1302_SINGLE_BYTE_READ
  D:0007H         SYMBOL        addr
  -------         DO            
  D:0006H         SYMBOL        temp
  -------         ENDDO         
  C:07E6H         LINE#         64
  C:07E6H         LINE#         65
  C:07E6H         LINE#         66
  C:07E8H         LINE#         67
  C:07EAH         LINE#         68
  C:07ECH         LINE#         70
  C:07EEH         LINE#         71
  C:07F1H         LINE#         72
  C:07F4H         LINE#         73
  C:07F9H         LINE#         74
  C:07FBH         LINE#         76
  C:0808H         LINE#         77
  C:0809H         LINE#         78
  -------         ENDPROC       _DS1302_SINGLE_BYTE_READ
  -------         PROC          DS1302_INIT
  C:0850H         LINE#         80
  C:0850H         LINE#         81
  C:0857H         LINE#         82
  C:085CH         LINE#         83
  C:0863H         LINE#         84
  C:086AH         LINE#         85
  -------         ENDPROC       DS1302_INIT
  -------         ENDMOD        DS1302

  -------         MODULE        IIC
  C:0000H         SYMBOL        _ICE_DUMMY_
  D:0080H         PUBLIC        P0
  D:0090H         PUBLIC        P1
  D:00A0H         PUBLIC        P2
  D:00B0H         PUBLIC        P3
  C:082EH         PUBLIC        AD_read
  D:00C0H         PUBLIC        P4
  D:00C8H         PUBLIC        P5
  D:00E8H         PUBLIC        P6
  D:00F8H         PUBLIC        P7
  D:00A8H         PUBLIC        IE
  C:0A4EH         PUBLIC        Delay5us
  D:00B8H         PUBLIC        IP
  C:09E7H         PUBLIC        AD_init
  D:00D8H         PUBLIC        CCON
  D:0098H         PUBLIC        SCON
  C:0A6BH         PUBLIC        Delay10ms
  D:0088H         PUBLIC        TCON
  C:096DH         PUBLIC        _IIC_Ack
  C:0A54H         PUBLIC        IIC_Start
BL51 BANKED LINKER/LOCATER V6.22                                                      03/06/2016  11:47:59  PAGE 8


  B:00A0H.1       PUBLIC        SDA
  C:07C1H         PUBLIC        _EEPROM_write
  C:080AH         PUBLIC        _IIC_SendByte
  C:0986H         PUBLIC        IIC_WaitAck
  C:0A61H         PUBLIC        IIC_Stop
  B:00A0H.0       PUBLIC        SCL
  C:08AFH         PUBLIC        IIC_RecByte
  D:00D0H         PUBLIC        PSW
  C:0A49H         SYMBOL        L?0033
  -------         PROC          L?0032
  -------         ENDPROC       L?0032
  C:0A49H         SYMBOL        L?0033
  -------         PROC          DELAY5US
  -------         DO            
  D:0007H         SYMBOL        i
  -------         ENDDO         
  C:0A4EH         LINE#         11
  C:0A4EH         LINE#         12
  C:0A4EH         LINE#         15
  C:0A4FH         LINE#         16
  C:0A51H         LINE#         17
  C:0A53H         LINE#         18
  -------         ENDPROC       DELAY5US
  -------         PROC          DELAY10MS
  -------         DO            
  D:0007H         SYMBOL        i
  D:0006H         SYMBOL        j
  -------         ENDDO         
  C:0A6BH         LINE#         20
  C:0A6BH         LINE#         21
  C:0A6BH         LINE#         24
  C:0A6DH         LINE#         25
  C:0A6FH         LINE#         27
  C:0A6FH         LINE#         28
  C:0A71H         LINE#         29
  C:0A73H         LINE#         30
  -------         ENDPROC       DELAY10MS
  -------         PROC          IIC_START
  C:0A54H         LINE#         34
  C:0A54H         LINE#         35
  C:0A54H         LINE#         36
  C:0A54H         LINE#         37
  C:0A54H         LINE#         38
  C:0A54H         LINE#         39
  C:0A57H         LINE#         40
  C:0A59H         LINE#         41
  C:0A5CH         LINE#         42
  C:0A5EH         LINE#         43
  -------         ENDPROC       IIC_START
  -------         PROC          IIC_STOP
  C:0A61H         LINE#         47
  C:0A61H         LINE#         48
  C:0A61H         LINE#         49
  C:0A63H         LINE#         50
  C:0A63H         LINE#         51
  C:0A63H         LINE#         52
  C:0A66H         LINE#         53
BL51 BANKED LINKER/LOCATER V6.22                                                      03/06/2016  11:47:59  PAGE 9


  C:0A68H         LINE#         54
  -------         ENDPROC       IIC_STOP
  -------         PROC          _IIC_ACK
  D:0007H         SYMBOL        ackbit
  C:096DH         LINE#         58
  C:096DH         LINE#         59
  C:096DH         LINE#         60
  C:0970H         LINE#         61
  C:0970H         LINE#         62
  C:0972H         LINE#         63
  C:0974H         LINE#         65
  C:0974H         LINE#         66
  C:0976H         LINE#         67
  C:0976H         LINE#         68
  C:0976H         LINE#         69
  C:0976H         LINE#         70
  C:0979H         LINE#         71
  C:097BH         LINE#         72
  C:097EH         LINE#         73
  C:0980H         LINE#         74
  -------         ENDPROC       _IIC_ACK
  -------         PROC          L?0034
  -------         ENDPROC       L?0034
  -------         PROC          IIC_WAITACK
  C:0986H         LINE#         78
  C:0986H         LINE#         79
  C:0986H         LINE#         80
  C:0986H         LINE#         81
  C:0986H         LINE#         82
  C:0986H         LINE#         83
  C:0989H         LINE#         84
  C:098CH         LINE#         85
  C:098CH         LINE#         86
  C:098EH         LINE#         87
  C:0991H         LINE#         88
  C:0993H         LINE#         89
  C:0993H         LINE#         91
  C:0993H         LINE#         92
  C:0995H         LINE#         93
  C:0996H         LINE#         94
  C:0996H         LINE#         95
  -------         ENDPROC       IIC_WAITACK
  -------         PROC          _IIC_SENDBYTE
  D:0006H         SYMBOL        byt
  -------         DO            
  D:0005H         SYMBOL        i
  -------         ENDDO         
  C:080AH         LINE#         98
  C:080CH         LINE#         99
  C:080CH         LINE#         101
  C:080EH         LINE#         102
  C:080EH         LINE#         103
  C:0812H         LINE#         104
  C:0812H         LINE#         105
  C:0814H         LINE#         106
  C:0816H         LINE#         108
  C:0816H         LINE#         109
BL51 BANKED LINKER/LOCATER V6.22                                                      03/06/2016  11:47:59  PAGE 10


  C:0818H         LINE#         110
  C:0818H         LINE#         111
  C:081BH         LINE#         112
  C:081DH         LINE#         113
  C:0821H         LINE#         114
  C:0824H         LINE#         115
  C:0826H         LINE#         116
  C:0829H         LINE#         117
  C:082DH         LINE#         118
  -------         ENDPROC       _IIC_SENDBYTE
  -------         PROC          IIC_RECBYTE
  -------         DO            
  D:0006H         SYMBOL        da
  D:0005H         SYMBOL        i
  -------         ENDDO         
  C:08AFH         LINE#         121
  C:08AFH         LINE#         122
  C:08AFH         LINE#         123
  C:08B1H         LINE#         126
  C:08B2H         LINE#         127
  C:08B2H         LINE#         128
  C:08B6H         LINE#         129
  C:08B8H         LINE#         130
  C:08BBH         LINE#         131
  C:08BEH         LINE#         132
  C:08C1H         LINE#         133
  C:08C3H         LINE#         134
  C:08C6H         LINE#         135
  C:08CAH         LINE#         136
  C:08CCH         LINE#         137
  -------         ENDPROC       IIC_RECBYTE
  -------         PROC          AD_INIT
  C:09E7H         LINE#         140
  C:09E7H         LINE#         141
  C:09EAH         LINE#         142
  C:09ECH         LINE#         143
  C:09EFH         LINE#         144
  C:09F1H         LINE#         145
  C:09F4H         LINE#         146
  C:09F7H         LINE#         147
  -------         ENDPROC       AD_INIT
  -------         PROC          AD_READ
  -------         DO            
  D:0004H         SYMBOL        tmp
  -------         ENDDO         
  C:082EH         LINE#         149
  C:082EH         LINE#         150
  C:0832H         LINE#         151
  C:0835H         LINE#         152
  C:083AH         LINE#         153
  C:083DH         LINE#         154
  C:0842H         LINE#         155
  C:0847H         LINE#         156
  C:084AH         LINE#         157
  C:084DH         LINE#         158
  C:084FH         LINE#         159
  -------         ENDPROC       AD_READ
BL51 BANKED LINKER/LOCATER V6.22                                                      03/06/2016  11:47:59  PAGE 11


  -------         PROC          _EEPROM_WRITE
  D:0003H         SYMBOL        addr
  D:0004H         SYMBOL        dat
  C:07C1H         LINE#         163
  C:07C5H         LINE#         164
  C:07C8H         LINE#         165
  C:07CDH         LINE#         166
  C:07D0H         LINE#         167
  C:07D5H         LINE#         168
  C:07D8H         LINE#         169
  C:07DDH         LINE#         170
  C:07E0H         LINE#         171
  C:07E3H         LINE#         172
  -------         ENDPROC       _EEPROM_WRITE
  -------         ENDMOD        IIC

  -------         MODULE        MAIN
  C:0000H         SYMBOL        _ICE_DUMMY_
  C:09ABH         PUBLIC        Relay
  D:0080H         PUBLIC        P0
  D:0090H         PUBLIC        P1
  C:09BFH         PUBLIC        Board_init
  D:00A0H         PUBLIC        P2
  D:00B0H         PUBLIC        P3
  D:00C0H         PUBLIC        P4
  D:00C8H         PUBLIC        P5
  C:0997H         PUBLIC        Buzzer
  B:00A8H.7       PUBLIC        EA
  D:00E8H         PUBLIC        P6
  D:00F8H         PUBLIC        P7
  D:0008H         PUBLIC        Key_Value
  D:00A8H         PUBLIC        IE
  C:0871H         PUBLIC        L1_disp
  C:0890H         PUBLIC        L2_disp
  C:0773H         PUBLIC        System_manul_mode
  C:0746H         PUBLIC        Key_Scan
  B:0020H.0       PUBLIC        smg_changed_flg
  C:09DBH         PUBLIC        Smg_Duan
  C:0907H         PUBLIC        System_pilot
  D:00B8H         PUBLIC        IP
  C:079BH         PUBLIC        Key_Ack
  B:0098H.1       PUBLIC        TI
  B:0020H.1       PUBLIC        AD_read_flg
  C:04EFH         PUBLIC        windows_def
  B:0020H.2       PUBLIC        humidity_disp_flg
  C:09FAH         PUBLIC        Put_S4
  C:0A0AH         PUBLIC        Put_S5
  D:0009H         PUBLIC        time_base_2ms
  C:0924H         PUBLIC        Put_S6
  D:00D8H         PUBLIC        CCON
  C:0A1AH         PUBLIC        Put_S7
  C:0684H         PUBLIC        main
  D:000DH         PUBLIC        humidity_threshold
  D:000EH         PUBLIC        buzzer_state
  D:000FH         PUBLIC        water_state
  C:06CCH         PUBLIC        System_auto_mode
  C:0A29H         PUBLIC        System_work
BL51 BANKED LINKER/LOCATER V6.22                                                      03/06/2016  11:47:59  PAGE 12


  D:0010H         PUBLIC        Smg_add
  B:0020H.3       PUBLIC        prompt_flash_flg
  B:00B0H.0       PUBLIC        P30
  C:03FDH         PUBLIC        Timer0
  D:0098H         PUBLIC        SCON
  B:00B0H.1       PUBLIC        P31
  C:0956H         PUBLIC        UartInit
  D:0089H         PUBLIC        TMOD
  D:0088H         PUBLIC        TCON
  B:00B0H.2       PUBLIC        P32
  B:00B0H.3       PUBLIC        P33
  B:00C0H.4       PUBLIC        P44
  D:0011H         PUBLIC        system_state_pilot
  C:0637H         PUBLIC        _Smg_disp
  C:09D3H         PUBLIC        U24
  C:0A38H         PUBLIC        system_init
  D:008EH         PUBLIC        AUXR
  D:0012H         PUBLIC        SmgBuf
  B:00A8H.1       PUBLIC        ET0
  B:0088H.5       PUBLIC        TF0
  B:00A8H.3       PUBLIC        ET1
  C:000EH         PUBLIC        Timer0Init
  B:0020H.4       PUBLIC        read_time_flg
  D:008CH         PUBLIC        TH0
  B:0020H.5       PUBLIC        Key_scan_flg
  D:008DH         PUBLIC        TH1
  C:0003H         PUBLIC        Uart1
  D:008AH         PUBLIC        TL0
  D:008BH         PUBLIC        TL1
  D:001AH         PUBLIC        system_work_state
  B:0088H.4       PUBLIC        TR0
  B:0088H.6       PUBLIC        TR1
  D:001BH         PUBLIC        current_humidity
  B:0020H.6       PUBLIC        buzzer_warn_flg
  B:0020H.7       PUBLIC        EEPROM_read_flg
  B:0021H.0       PUBLIC        uart_send_flg
  B:0021H.1       PUBLIC        humidity_threshold_set_flg
  B:0021H.2       PUBLIC        EEPROM_write_flg
  D:00D0H         PUBLIC        PSW
  -------         PROC          BUZZER
  B:0021H.3       SYMBOL        state
  C:0997H         LINE#         103
  C:0997H         LINE#         106
  C:099FH         LINE#         107
  C:09A1H         LINE#         108
  C:09A4H         LINE#         109
  C:09A5H         LINE#         110
  C:09A5H         LINE#         111
  C:09A7H         LINE#         112
  C:09AAH         LINE#         113
  C:09AAH         LINE#         116
  -------         ENDPROC       BUZZER
  -------         PROC          RELAY
  B:0021H.3       SYMBOL        state
  C:09ABH         LINE#         117
  C:09ABH         LINE#         120
  C:09B3H         LINE#         121
BL51 BANKED LINKER/LOCATER V6.22                                                      03/06/2016  11:47:59  PAGE 13


  C:09B5H         LINE#         122
  C:09B8H         LINE#         123
  C:09B9H         LINE#         124
  C:09B9H         LINE#         125
  C:09BBH         LINE#         126
  C:09BEH         LINE#         127
  C:09BEH         LINE#         130
  -------         ENDPROC       RELAY
  -------         PROC          L1_DISP
  B:0021H.4       SYMBOL        state
  C:0871H         LINE#         134
  C:0871H         LINE#         135
  C:0874H         LINE#         136
  C:0877H         LINE#         137
  C:087EH         LINE#         138
  C:0881H         LINE#         139
  C:0886H         LINE#         140
  C:0889H         LINE#         141
  C:088CH         LINE#         142
  C:088FH         LINE#         143
  -------         ENDPROC       L1_DISP
  -------         PROC          L2_DISP
  B:0021H.4       SYMBOL        state
  C:0890H         LINE#         144
  C:0890H         LINE#         145
  C:0893H         LINE#         146
  C:0896H         LINE#         147
  C:089DH         LINE#         148
  C:08A0H         LINE#         149
  C:08A5H         LINE#         150
  C:08A8H         LINE#         151
  C:08ABH         LINE#         152
  C:08AEH         LINE#         153
  -------         ENDPROC       L2_DISP
  -------         PROC          _SMG_DISP
  D:0001H         SYMBOL        SmgBuf
  C:0637H         LINE#         156
  C:0637H         LINE#         157
  C:063FH         LINE#         158
  C:0642H         LINE#         160
  C:0645H         LINE#         161
  C:0648H         LINE#         162
  C:064CH         LINE#         163
  C:065BH         LINE#         165
  C:065EH         LINE#         166
  C:0661H         LINE#         167
  C:0663H         LINE#         168
  C:0671H         LINE#         170
  C:0674H         LINE#         171
  C:0677H         LINE#         173
  C:0679H         LINE#         174
  C:0683H         LINE#         175
  -------         ENDPROC       _SMG_DISP
  -------         PROC          KEY_SCAN
  C:0746H         LINE#         180
  C:0746H         LINE#         181
  C:0748H         LINE#         182
BL51 BANKED LINKER/LOCATER V6.22                                                      03/06/2016  11:47:59  PAGE 14


  C:074BH         LINE#         183
  C:074EH         LINE#         184
  C:0753H         LINE#         186
  C:0756H         LINE#         187
  C:0759H         LINE#         188
  C:075EH         LINE#         190
  C:0761H         LINE#         191
  C:0764H         LINE#         192
  C:0769H         LINE#         194
  C:076CH         LINE#         195
  C:076FH         LINE#         196
  C:0772H         LINE#         197
  C:0772H         LINE#         198
  -------         ENDPROC       KEY_SCAN
  -------         PROC          PUT_S4
  C:09FAH         LINE#         199
  C:09FAH         LINE#         200
  C:09FEH         LINE#         201
  C:0A01H         LINE#         202
  C:0A03H         LINE#         203
  C:0A05H         LINE#         204
  C:0A05H         LINE#         205
  C:0A06H         LINE#         206
  C:0A06H         LINE#         207
  C:0A09H         LINE#         208
  C:0A09H         LINE#         209
  -------         ENDPROC       PUT_S4
  -------         PROC          PUT_S5
  C:0A0AH         LINE#         210
  C:0A0AH         LINE#         211
  C:0A0EH         LINE#         212
  C:0A11H         LINE#         213
  C:0A13H         LINE#         214
  C:0A15H         LINE#         215
  C:0A15H         LINE#         216
  C:0A16H         LINE#         217
  C:0A16H         LINE#         218
  C:0A19H         LINE#         219
  C:0A19H         LINE#         220
  -------         ENDPROC       PUT_S5
  -------         PROC          PUT_S6
  C:0924H         LINE#         221
  C:0924H         LINE#         222
  C:0928H         LINE#         223
  C:092AH         LINE#         224
  C:092CH         LINE#         225
  C:092FH         LINE#         226
  C:0931H         LINE#         227
  C:0932H         LINE#         228
  C:0932H         LINE#         229
  C:0934H         LINE#         230
  C:093BH         LINE#         231
  C:093BH         LINE#         232
  C:093BH         LINE#         233
  C:093BH         LINE#         234
  C:093DH         LINE#         235
  C:093DH         LINE#         236
BL51 BANKED LINKER/LOCATER V6.22                                                      03/06/2016  11:47:59  PAGE 15


  -------         ENDPROC       PUT_S6
  -------         PROC          PUT_S7
  C:0A1AH         LINE#         237
  C:0A1AH         LINE#         238
  C:0A1CH         LINE#         239
  C:0A23H         LINE#         240
  C:0A26H         LINE#         241
  C:0A28H         LINE#         242
  -------         ENDPROC       PUT_S7
  -------         PROC          KEY_ACK
  C:079BH         LINE#         244
  C:079BH         LINE#         245
  C:07ABH         LINE#         246
  C:07ABH         LINE#         247
  C:07AEH         LINE#         248
  C:07B0H         LINE#         249
  C:07B0H         LINE#         250
  C:07B3H         LINE#         251
  C:07B5H         LINE#         252
  C:07B5H         LINE#         253
  C:07B8H         LINE#         254
  C:07BAH         LINE#         255
  C:07BAH         LINE#         256
  C:07BDH         LINE#         257
  C:07BDH         LINE#         258
  C:07BDH         LINE#         259
  C:07C0H         LINE#         260
  -------         ENDPROC       KEY_ACK
  -------         PROC          WINDOWS_DEF
  -------         DO            
  D:001CH         SYMBOL        tmp
  D:001CH         SYMBOL        tmp
  -------         ENDDO         
  -------         DO            
  D:001CH         SYMBOL        tmp
  -------         ENDDO         
  C:04EFH         LINE#         263
  C:04EFH         LINE#         264
  C:04F2H         LINE#         265
  C:04F5H         LINE#         266
  C:04F7H         LINE#         267
  C:04FAH         LINE#         268
  C:04FDH         LINE#         270
  C:0504H         LINE#         271
  C:050CH         LINE#         272
  C:0515H         LINE#         273
  C:051CH         LINE#         274
  C:0524H         LINE#         275
  C:052DH         LINE#         276
  C:0535H         LINE#         277
  C:053EH         LINE#         278
  C:0540H         LINE#         279
  C:0540H         LINE#         280
  C:0543H         LINE#         282
  C:0545H         LINE#         283
  C:054CH         LINE#         284
  C:055AH         LINE#         285
BL51 BANKED LINKER/LOCATER V6.22                                                      03/06/2016  11:47:59  PAGE 16


  C:0561H         LINE#         286
  C:0569H         LINE#         287
  C:0572H         LINE#         288
  C:0574H         LINE#         289
  C:0578H         LINE#         290
  C:057FH         LINE#         291
  C:0587H         LINE#         292
  C:0590H         LINE#         293
  C:0592H         LINE#         294
  C:0592H         LINE#         295
  C:0592H         LINE#         296
  C:0592H         LINE#         297
  C:0595H         LINE#         298
  C:059DH         LINE#         299
  C:05A6H         LINE#         300
  C:05A8H         LINE#         301
  C:05AAH         LINE#         302
  C:05AAH         LINE#         303
  -------         ENDPROC       WINDOWS_DEF
  -------         PROC          SYSTEM_AUTO_MODE
  C:06CCH         LINE#         304
  C:06CCH         LINE#         305
  C:06CFH         LINE#         306
  C:06D4H         LINE#         307
  C:06D7H         LINE#         308
  C:06DAH         LINE#         309
  C:06E1H         LINE#         310
  C:06E3H         LINE#         311
  C:06E5H         LINE#         312
  C:06E5H         LINE#         313
  C:06EAH         LINE#         314
  C:06EAH         LINE#         315
  C:06EAH         LINE#         316
  C:06EAH         LINE#         317
  C:06EDH         LINE#         318
  C:06F0H         LINE#         319
  C:06F3H         LINE#         320
  C:06F6H         LINE#         321
  C:06F9H         LINE#         322
  C:06FCH         LINE#         323
  C:06FFH         LINE#         324
  C:0707H         LINE#         325
  C:0710H         LINE#         326
  C:0712H         LINE#         327
  C:0712H         LINE#         328
  C:0712H         LINE#         329
  -------         ENDPROC       SYSTEM_AUTO_MODE
  -------         PROC          SYSTEM_MANUL_MODE
  C:0773H         LINE#         330
  C:0773H         LINE#         331
  C:0776H         LINE#         332
  C:0779H         LINE#         333
  C:077EH         LINE#         334
  C:0780H         LINE#         335
  C:0782H         LINE#         336
  C:0782H         LINE#         337
  C:0787H         LINE#         338
BL51 BANKED LINKER/LOCATER V6.22                                                      03/06/2016  11:47:59  PAGE 17


  C:0787H         LINE#         339
  C:078AH         LINE#         340
  C:0791H         LINE#         341
  C:0793H         LINE#         342
  C:0795H         LINE#         343
  C:0795H         LINE#         344
  C:079AH         LINE#         345
  C:079AH         LINE#         346
  C:079AH         LINE#         347
  -------         ENDPROC       SYSTEM_MANUL_MODE
  -------         PROC          SYSTEM_WORK
  C:0A29H         LINE#         348
  C:0A29H         LINE#         349
  C:0A31H         LINE#         350
  C:0A31H         LINE#         351
  C:0A34H         LINE#         352
  C:0A34H         LINE#         353
  C:0A34H         LINE#         354
  C:0A37H         LINE#         355
  C:0A37H         LINE#         356
  C:0A37H         LINE#         357
  -------         ENDPROC       SYSTEM_WORK
  -------         PROC          SYSTEM_PILOT
  C:0907H         LINE#         358
  C:0907H         LINE#         359
  C:090FH         LINE#         360
  C:090FH         LINE#         361
  C:0914H         LINE#         362
  C:0919H         LINE#         363
  C:0919H         LINE#         364
  C:0919H         LINE#         365
  C:091EH         LINE#         366
  C:0923H         LINE#         367
  C:0923H         LINE#         368
  C:0923H         LINE#         369
  -------         ENDPROC       SYSTEM_PILOT
  -------         PROC          TIMER0INIT
  C:000EH         LINE#         372
  C:000EH         LINE#         373
  C:000EH         LINE#         374
  C:0011H         LINE#         375
  C:0014H         LINE#         378
  C:0017H         LINE#         379
  C:001AH         LINE#         382
  C:001CH         LINE#         383
  C:001EH         LINE#         384
  C:0020H         LINE#         385
  C:0022H         LINE#         386
  -------         ENDPROC       TIMER0INIT
  -------         PROC          UARTINIT
  C:0956H         LINE#         388
  C:0956H         LINE#         389
  C:0956H         LINE#         390
  C:0959H         LINE#         391
  C:095CH         LINE#         392
  C:095FH         LINE#         393
  C:0962H         LINE#         394
BL51 BANKED LINKER/LOCATER V6.22                                                      03/06/2016  11:47:59  PAGE 18


  C:0965H         LINE#         395
  C:0968H         LINE#         396
  C:096AH         LINE#         397
  C:096CH         LINE#         398
  -------         ENDPROC       UARTINIT
  -------         PROC          BOARD_INIT
  C:09BFH         LINE#         399
  C:09BFH         LINE#         400
  C:09C6H         LINE#         401
  C:09C9H         LINE#         404
  C:09CFH         LINE#         405
  C:09D2H         LINE#         406
  -------         ENDPROC       BOARD_INIT
  -------         PROC          SYSTEM_INIT
  C:0A38H         LINE#         409
  C:0A38H         LINE#         410
  C:0A3BH         LINE#         411
  C:0A3EH         LINE#         412
  C:0A41H         LINE#         413
  C:0A44H         LINE#         414
  -------         ENDPROC       SYSTEM_INIT
  -------         PROC          MAIN
  C:0684H         LINE#         418
  C:0684H         LINE#         419
  C:0687H         LINE#         420
  C:068EH         LINE#         421
  C:0694H         LINE#         422
  C:0694H         LINE#         423
  C:0694H         LINE#         424
  C:0697H         LINE#         425
  C:069AH         LINE#         426
  C:069CH         LINE#         427
  C:069FH         LINE#         428
  C:06A2H         LINE#         429
  C:06A2H         LINE#         430
  C:06A5H         LINE#         431
  C:06A7H         LINE#         432
  C:06C8H         LINE#         433
  C:06CAH         LINE#         434
  C:06CAH         LINE#         435
  -------         ENDPROC       MAIN
  -------         PROC          TIMER0
  C:03FDH         LINE#         438
  C:041AH         LINE#         440
  C:042FH         LINE#         441
  C:0438H         LINE#         442
  C:043BH         LINE#         443
  C:045FH         LINE#         444
  C:0461H         LINE#         445
  C:0461H         LINE#         446
  C:0485H         LINE#         447
  C:0487H         LINE#         448
  C:0487H         LINE#         449
  C:04ABH         LINE#         450
  C:04ADH         LINE#         451
  C:04ADH         LINE#         452
  C:04D2H         LINE#         453
BL51 BANKED LINKER/LOCATER V6.22                                                      03/06/2016  11:47:59  PAGE 19


  C:04D4H         LINE#         454
  C:04D4H         LINE#         456
  -------         ENDPROC       TIMER0
  -------         PROC          UART1
  C:0003H         LINE#         457
  C:0003H         LINE#         459
  C:0005H         LINE#         460
  -------         ENDPROC       UART1
  -------         ENDMOD        MAIN

  -------         MODULE        ?C?FPADD
  C:002DH         PUBLIC        ?C?FPADD
  C:0029H         PUBLIC        ?C?FPSUB
  -------         ENDMOD        ?C?FPADD

  -------         MODULE        ?C?FPMUL
  C:011EH         PUBLIC        ?C?FPMUL
  -------         ENDMOD        ?C?FPMUL

  -------         MODULE        ?C?FCAST
  C:022EH         PUBLIC        ?C?FCASTC
  C:0229H         PUBLIC        ?C?FCASTI
  C:0224H         PUBLIC        ?C?FCASTL
  -------         ENDMOD        ?C?FCAST

  -------         MODULE        ?C?CASTF
  C:0262H         PUBLIC        ?C?CASTF
  -------         ENDMOD        ?C?CASTF

  -------         MODULE        ?C?CLDOPTR
  C:02E3H         PUBLIC        ?C?CLDOPTR
  -------         ENDMOD        ?C?CLDOPTR

  -------         MODULE        ?C?ULDIV
  C:034CH         PUBLIC        ?C?ULDIV
  -------         ENDMOD        ?C?ULDIV

  -------         MODULE        ?C?LNEG
  C:03DEH         PUBLIC        ?C?LNEG
  -------         ENDMOD        ?C?LNEG

  -------         MODULE        ?C?ULCMP
  C:03ECH         PUBLIC        ?C?ULCMP
  -------         ENDMOD        ?C?ULCMP

Program Size: data=31.5 xdata=0 code=2671
LINK/LOCATE RUN COMPLETE.  0 WARNING(S),  0 ERROR(S)
