C51 COMPILER V9.00   DS1302                                                                03/03/2016 18:11:52 PAGE 1   


C51 COMPILER V9.00, COMPILATION OF MODULE DS1302
OBJECT MODULE PLACED IN DS1302.OBJ
COMPILER INVOKED BY: D:\Program Files (x86)\KEIL\C51\BIN\C51.EXE DS1302.c BROWSE DEBUG OBJECTEXTEND

line level    source

   1          #include "DS1302.h"
   2          /********************************************************************/ 
   3          /*单字节写入一字节数据*/
   4          void Write_Ds1302_Byte(unsigned char dat) 
   5          {
   6   1              unsigned char i;
   7   1              SCK = 0;
   8   1              for (i=0;i<8;i++) 
   9   1              { 
  10   2                      SDA_CLR;
  11   2                      if (dat & 0x01)         // 等价于if((addr & 0x01) ==1) 
  12   2                      {
  13   3                              SDA_SET;                //#define SDA_SET SDA=1 /*电平置高*/
  14   3                      }
  15   2                      else 
  16   2                      {
  17   3                              SDA_CLR;                //#define SDA_CLR SDA=0 /*电平置低*/
  18   3                      }                
  19   2                      SCK_SET;
  20   2                      SCK_CLR;                
  21   2                      dat = dat >> 1; 
  22   2              } 
  23   1      }
  24          /********************************************************************/ 
  25          /*单字节读出一字节数据*/
  26          unsigned char Read_Ds1302_Byte(void) 
  27          {
  28   1              unsigned char i, dat=0; 
  29   1              for (i=0;i<8;i++)
  30   1              {       
  31   2                      dat = dat >> 1;
  32   2                      if (SDA_R)        //等价于if(SDA_R==1)    #define SDA_R SDA /*电平读取*/        
  33   2                      {
  34   3                              dat |= 0x80;
  35   3                      }
  36   2                      else 
  37   2                      {
  38   3                              dat &= 0x7F;
  39   3                      }       
  40   2                      SCK_SET;
  41   2                      SCK_CLR;                
  42   2              } 
  43   1              SDA_CLR;
  44   1              return dat;
  45   1      }
  46          
  47          /********************************************************************/ 
  48          /*向DS1302 单字节写入一字节数据*/
  49          void Ds1302_Single_Byte_Write(unsigned char addr, unsigned char dat)
  50          { 
  51   1      
  52   1              RST_CLR;                        /*RST脚置低，实现DS1302的初始化*/
  53   1              SCK_CLR;                        /*SCK脚置低，实现DS1302的初始化*/
  54   1      
  55   1              RST_SET;                        /*启动DS1302总线,RST=1电平置高 */
C51 COMPILER V9.00   DS1302                                                                03/03/2016 18:11:52 PAGE 2   

  56   1              addr = addr & 0xFE;      
  57   1              Write_Ds1302_Byte(addr); /*写入目标地址：addr,保证是写操作,写之前将最低位置零*/ 
  58   1              Write_Ds1302_Byte(dat);  /*写入数据：dat*/
  59   1              RST_CLR;                                 /*停止DS1302总线*/
  60   1      }
  61          
  62          /********************************************************************/ 
  63          /*从DS1302单字节读出一字节数据*/
  64          unsigned char Ds1302_Single_Byte_Read(unsigned char addr) 
  65          { 
  66   1              unsigned char temp = 0;
  67   1              RST_CLR;                        /*RST脚置低，实现DS1302的初始化*/
  68   1              SCK_CLR;                        /*SCK脚置低，实现DS1302的初始化*/
  69   1      
  70   1              RST_SET;        /*启动DS1302总线,RST=1电平置高 */       
  71   1              addr = addr | 0x01;      
  72   1              Write_Ds1302_Byte(addr); /*写入目标地址：addr,保证是读操作,写之前将最低位置高*/
  73   1              temp=Read_Ds1302_Byte(); /*从DS1302中读出一个字节的数据*/               
  74   1              RST_CLR;        /*停止DS1302总线*/
  75   1      
  76   1              temp = (temp >> 4)*10 + (temp & 15) ;  
  77   1              return temp;
  78   1      }
  79          
  80          void DS1302_Init(){
  81   1              Ds1302_Single_Byte_Write(0x8e,0x00);
  82   1              Ds1302_Single_Byte_Write(0x80,0x50);
  83   1              Ds1302_Single_Byte_Write(0x82,0x59);
  84   1              Ds1302_Single_Byte_Write(0x84,0x23);
  85   1              Ds1302_Single_Byte_Write(0x8e,0x80);
  86   1      }


MODULE INFORMATION:   STATIC OVERLAYABLE
   CODE SIZE        =    153    ----
   CONSTANT SIZE    =   ----    ----
   XDATA SIZE       =   ----    ----
   PDATA SIZE       =   ----    ----
   DATA SIZE        =   ----    ----
   IDATA SIZE       =   ----    ----
   BIT SIZE         =   ----    ----
END OF MODULE INFORMATION.


C51 COMPILATION COMPLETE.  0 WARNING(S),  0 ERROR(S)
